Flow report for cpu
Wed Jul  8 09:19:09 2026
Quartus Prime Version 25.1std.0 Build 1129 10/21/2025 SC Lite Edition


---------------------
; Table of Contents ;
---------------------
  1. Legal Notice
  2. Flow Summary
  3. Flow Settings
  4. Flow Non-Default Global Settings
  5. Flow Elapsed Time
  6. Flow OS Summary
  7. Flow Log
  8. Flow Messages
  9. Flow Suppressed Messages



----------------
; Legal Notice ;
----------------
Copyright (C) 2025  Altera Corporation. All rights reserved.
Your use of Altera Corporation's design tools, logic functions 
and other software and tools, and any partner logic 
functions, and any output files from any of the foregoing 
(including device programming or simulation files), and any 
associated documentation or information are expressly subject 
to the terms and conditions of the Altera Program License 
Subscription Agreement, the Altera Quartus Prime License Agreement,
the Altera IP License Agreement, or other applicable license
agreement, including, without limitation, that your use is for
the sole purpose of programming logic devices manufactured by
Altera and sold by Altera or its authorized distributors.  Please
refer to the Altera Software License Subscription Agreements 
on the Quartus Prime software download page.



+-----------------------------------------------------------------------------------+
; Flow Summary                                                                      ;
+---------------------------------+-------------------------------------------------+
; Flow Status                     ; Successful - Wed Jul  8 09:19:09 2026           ;
; Quartus Prime Version           ; 25.1std.0 Build 1129 10/21/2025 SC Lite Edition ;
; Revision Name                   ; cpu                                             ;
; Top-level Entity Name           ; CPU                                             ;
; Family                          ; Cyclone V                                       ;
; Device                          ; 5CSEMA5F31C6                                    ;
; Timing Models                   ; Final                                           ;
; Logic utilization (in ALMs)     ; 4,544 / 32,070 ( 14 % )                         ;
; Total registers                 ; 6307                                            ;
; Total pins                      ; 45 / 457 ( 10 % )                               ;
; Total virtual pins              ; 0                                               ;
; Total block memory bits         ; 4,736 / 4,065,280 ( < 1 % )                     ;
; Total DSP Blocks                ; 0 / 87 ( 0 % )                                  ;
; Total HSSI RX PCSs              ; 0                                               ;
; Total HSSI PMA RX Deserializers ; 0                                               ;
; Total HSSI TX PCSs              ; 0                                               ;
; Total HSSI PMA TX Serializers   ; 0                                               ;
; Total PLLs                      ; 0 / 6 ( 0 % )                                   ;
; Total DLLs                      ; 0 / 4 ( 0 % )                                   ;
+---------------------------------+-------------------------------------------------+


+-----------------------------------------+
; Flow Settings                           ;
+-------------------+---------------------+
; Option            ; Setting             ;
+-------------------+---------------------+
; Start date & time ; 07/08/2026 09:16:25 ;
; Main task         ; Compilation         ;
; Revision Name     ; cpu                 ;
+-------------------+---------------------+


+-------------------------------------------------------------------------------------------------------------------------------------------------------------------------------------------------------+
; Flow Non-Default Global Settings                                                                                                                                                                      ;
+--------------------------------------+-----------------------------------------------------------------------+--------------------------------------+-------------+-----------------------------------+
; Assignment Name                      ; Value                                                                 ; Default Value                        ; Entity Name ; Section Id                        ;
+--------------------------------------+-----------------------------------------------------------------------+--------------------------------------+-------------+-----------------------------------+
; ADVANCED_PHYSICAL_OPTIMIZATION       ; Off                                                                   ; On                                   ; --          ; --                                ;
; COMPILER_SIGNATURE_ID                ; 18039809436922.178349498504424                                        ; --                                   ; --          ; --                                ;
; EDA_DESIGN_INSTANCE_NAME             ; NA                                                                    ; --                                   ; --          ; t0                                ;
; EDA_GENERATE_FUNCTIONAL_NETLIST      ; Off                                                                   ; --                                   ; --          ; eda_board_design_timing           ;
; EDA_GENERATE_FUNCTIONAL_NETLIST      ; Off                                                                   ; --                                   ; --          ; eda_board_design_boundary_scan    ;
; EDA_GENERATE_FUNCTIONAL_NETLIST      ; Off                                                                   ; --                                   ; --          ; eda_board_design_signal_integrity ;
; EDA_GENERATE_FUNCTIONAL_NETLIST      ; Off                                                                   ; --                                   ; --          ; eda_board_design_symbol           ;
; EDA_NATIVELINK_SIMULATION_TEST_BENCH ; t0                                                                    ; --                                   ; --          ; eda_simulation                    ;
; EDA_OUTPUT_DATA_FORMAT               ; Vhdl                                                                  ; --                                   ; --          ; eda_simulation                    ;
; EDA_SIMULATION_TOOL                  ; Questa Altera FPGA (VHDL)                                             ; <None>                               ; --          ; --                                ;
; EDA_TEST_BENCH_ENABLE_STATUS         ; TEST_BENCH_MODE                                                       ; --                                   ; --          ; eda_simulation                    ;
; EDA_TEST_BENCH_FILE                  ; t0.vhd                                                                ; --                                   ; --          ; t0                                ;
; EDA_TEST_BENCH_MODULE_NAME           ; t0                                                                    ; --                                   ; --          ; t0                                ;
; EDA_TEST_BENCH_NAME                  ; t0                                                                    ; --                                   ; --          ; eda_simulation                    ;
; EDA_TEST_BENCH_RUN_SIM_FOR           ; 3000 ns                                                               ; --                                   ; --          ; t0                                ;
; EDA_TIME_SCALE                       ; 1 ps                                                                  ; --                                   ; --          ; eda_simulation                    ;
; ENABLE_SIGNALTAP                     ; On                                                                    ; --                                   ; --          ; --                                ;
; FLOW_ENABLE_POWER_ANALYZER           ; On                                                                    ; Off                                  ; --          ; --                                ;
; MAX_CORE_JUNCTION_TEMP               ; 85                                                                    ; --                                   ; --          ; --                                ;
; MIN_CORE_JUNCTION_TEMP               ; 0                                                                     ; --                                   ; --          ; --                                ;
; PARTITION_COLOR                      ; -- (Not supported for targeted family)                                ; --                                   ; --          ; Top                               ;
; PARTITION_FITTER_PRESERVATION_LEVEL  ; -- (Not supported for targeted family)                                ; --                                   ; --          ; Top                               ;
; PARTITION_NETLIST_TYPE               ; -- (Not supported for targeted family)                                ; --                                   ; --          ; Top                               ;
; POWER_BOARD_THERMAL_MODEL            ; None (CONSERVATIVE)                                                   ; --                                   ; --          ; --                                ;
; POWER_DEFAULT_INPUT_IO_TOGGLE_RATE   ; 12.5 %                                                                ; 12.5%                                ; --          ; --                                ;
; POWER_DEFAULT_TOGGLE_RATE            ; 12.5 %                                                                ; 12.5%                                ; --          ; --                                ;
; POWER_INPUT_FILE_NAME                ; simulation/questa/prova1.vcd                                          ; --                                   ; --          ; prova1.vcd                        ;
; POWER_PRESET_COOLING_SOLUTION        ; 23 MM HEAT SINK WITH 200 LFPM AIRFLOW                                 ; --                                   ; --          ; --                                ;
; POWER_USE_INPUT_FILES                ; On                                                                    ; Off                                  ; --          ; --                                ;
; PROJECT_IP_REGENERATION_POLICY       ; ALWAYS_REGENERATE_IP                                                  ; SKIP_REGENERATING_IP_IF_HDL_MODIFIED ; --          ; --                                ;
; PROJECT_OUTPUT_DIRECTORY             ; output_files                                                          ; --                                   ; --          ; --                                ;
; SLD_FILE                             ; db/stp2_auto_stripped.stp                                             ; --                                   ; --          ; --                                ;
; SLD_NODE_CREATOR_ID                  ; 110                                                                   ; --                                   ; --          ; auto_signaltap_0                  ;
; SLD_NODE_ENTITY_NAME                 ; sld_signaltap                                                         ; --                                   ; --          ; auto_signaltap_0                  ;
; SLD_NODE_PARAMETER_ASSIGNMENT        ; SLD_RAM_BLOCK_TYPE=AUTO                                               ; --                                   ; --          ; auto_signaltap_0                  ;
; SLD_NODE_PARAMETER_ASSIGNMENT        ; SLD_NODE_INFO=805334528                                               ; --                                   ; --          ; auto_signaltap_0                  ;
; SLD_NODE_PARAMETER_ASSIGNMENT        ; SLD_POWER_UP_TRIGGER=0                                                ; --                                   ; --          ; auto_signaltap_0                  ;
; SLD_NODE_PARAMETER_ASSIGNMENT        ; SLD_STORAGE_QUALIFIER_INVERSION_MASK_LENGTH=0                         ; --                                   ; --          ; auto_signaltap_0                  ;
; SLD_NODE_PARAMETER_ASSIGNMENT        ; SLD_SEGMENT_SIZE=128                                                  ; --                                   ; --          ; auto_signaltap_0                  ;
; SLD_NODE_PARAMETER_ASSIGNMENT        ; SLD_ATTRIBUTE_MEM_MODE=OFF                                            ; --                                   ; --          ; auto_signaltap_0                  ;
; SLD_NODE_PARAMETER_ASSIGNMENT        ; SLD_INCREMENTAL_ROUTING=1                                             ; --                                   ; --          ; auto_signaltap_0                  ;
; SLD_NODE_PARAMETER_ASSIGNMENT        ; SLD_TRIGGER_LEVEL=1                                                   ; --                                   ; --          ; auto_signaltap_0                  ;
; SLD_NODE_PARAMETER_ASSIGNMENT        ; SLD_SAMPLE_DEPTH=128                                                  ; --                                   ; --          ; auto_signaltap_0                  ;
; SLD_NODE_PARAMETER_ASSIGNMENT        ; SLD_TRIGGER_IN_ENABLED=0                                              ; --                                   ; --          ; auto_signaltap_0                  ;
; SLD_NODE_PARAMETER_ASSIGNMENT        ; SLD_TRIGGER_PIPELINE=0                                                ; --                                   ; --          ; auto_signaltap_0                  ;
; SLD_NODE_PARAMETER_ASSIGNMENT        ; SLD_RAM_PIPELINE=0                                                    ; --                                   ; --          ; auto_signaltap_0                  ;
; SLD_NODE_PARAMETER_ASSIGNMENT        ; SLD_COUNTER_PIPELINE=0                                                ; --                                   ; --          ; auto_signaltap_0                  ;
; SLD_NODE_PARAMETER_ASSIGNMENT        ; SLD_ADVANCED_TRIGGER_ENTITY=sld_reserved_cpu_auto_signaltap_0_1_bfcb, ; --                                   ; --          ; auto_signaltap_0                  ;
; SLD_NODE_PARAMETER_ASSIGNMENT        ; SLD_TRIGGER_LEVEL_PIPELINE=1                                          ; --                                   ; --          ; auto_signaltap_0                  ;
; SLD_NODE_PARAMETER_ASSIGNMENT        ; SLD_ENABLE_ADVANCED_TRIGGER=1                                         ; --                                   ; --          ; auto_signaltap_0                  ;
; SLD_NODE_PARAMETER_ASSIGNMENT        ; SLD_INVERSION_MASK=000000000000000000000                              ; --                                   ; --          ; auto_signaltap_0                  ;
; SLD_NODE_PARAMETER_ASSIGNMENT        ; SLD_INVERSION_MASK_LENGTH=21                                          ; --                                   ; --          ; auto_signaltap_0                  ;
; SLD_NODE_PARAMETER_ASSIGNMENT        ; SLD_STATE_FLOW_USE_GENERATED=0                                        ; --                                   ; --          ; auto_signaltap_0                  ;
; SLD_NODE_PARAMETER_ASSIGNMENT        ; SLD_STATE_BITS=11                                                     ; --                                   ; --          ; auto_signaltap_0                  ;
; SLD_NODE_PARAMETER_ASSIGNMENT        ; SLD_BUFFER_FULL_STOP=1                                                ; --                                   ; --          ; auto_signaltap_0                  ;
; SLD_NODE_PARAMETER_ASSIGNMENT        ; SLD_CURRENT_RESOURCE_WIDTH=1                                          ; --                                   ; --          ; auto_signaltap_0                  ;
; SLD_NODE_PARAMETER_ASSIGNMENT        ; SLD_DATA_BITS=37                                                      ; --                                   ; --          ; auto_signaltap_0                  ;
; SLD_NODE_PARAMETER_ASSIGNMENT        ; SLD_TRIGGER_BITS=37                                                   ; --                                   ; --          ; auto_signaltap_0                  ;
; SLD_NODE_PARAMETER_ASSIGNMENT        ; SLD_STORAGE_QUALIFIER_BITS=37                                         ; --                                   ; --          ; auto_signaltap_0                  ;
; USE_SIGNALTAP_FILE                   ; stp2.stp                                                              ; --                                   ; --          ; --                                ;
; VHDL_INPUT_VERSION                   ; VHDL_2008                                                             ; VHDL_1993                            ; --          ; --                                ;
; VHDL_SHOW_LMF_MAPPING_MESSAGES       ; Off                                                                   ; --                                   ; --          ; --                                ;
+--------------------------------------+-----------------------------------------------------------------------+--------------------------------------+-------------+-----------------------------------+


+--------------------------------------------------------------------------------------------------------------------------+
; Flow Elapsed Time                                                                                                        ;
+----------------------+--------------+-------------------------+---------------------+------------------------------------+
; Module Name          ; Elapsed Time ; Average Processors Used ; Peak Virtual Memory ; Total CPU Time (on all processors) ;
+----------------------+--------------+-------------------------+---------------------+------------------------------------+
; Analysis & Synthesis ; 00:00:34     ; 1.6                     ; 5136 MB             ; 00:01:05                           ;
; Fitter               ; 00:01:21     ; 1.5                     ; 7017 MB             ; 00:03:10                           ;
; Assembler            ; 00:00:15     ; 1.0                     ; 5304 MB             ; 00:00:06                           ;
; Power Analyzer       ; 00:00:10     ; 2.3                     ; 5489 MB             ; 00:00:20                           ;
; Timing Analyzer      ; 00:00:12     ; 4.1                     ; 5565 MB             ; 00:00:43                           ;
; EDA Netlist Writer   ; 00:00:04     ; 1.0                     ; 4838 MB             ; 00:00:03                           ;
; Total                ; 00:02:36     ; --                      ; --                  ; 00:05:27                           ;
+----------------------+--------------+-------------------------+---------------------+------------------------------------+


+------------------------------------------------------------------------------------+
; Flow OS Summary                                                                    ;
+----------------------+------------------+------------+------------+----------------+
; Module Name          ; Machine Hostname ; OS Name    ; OS Version ; Processor type ;
+----------------------+------------------+------------+------------+----------------+
; Analysis & Synthesis ; TrediciNove      ; Windows 10 ; 10.0       ; x86_64         ;
; Fitter               ; TrediciNove      ; Windows 10 ; 10.0       ; x86_64         ;
; Assembler            ; TrediciNove      ; Windows 10 ; 10.0       ; x86_64         ;
; Power Analyzer       ; TrediciNove      ; Windows 10 ; 10.0       ; x86_64         ;
; Timing Analyzer      ; TrediciNove      ; Windows 10 ; 10.0       ; x86_64         ;
; EDA Netlist Writer   ; TrediciNove      ; Windows 10 ; 10.0       ; x86_64         ;
+----------------------+------------------+------------+------------+----------------+


------------
; Flow Log ;
------------
quartus_map --read_settings_files=on --write_settings_files=off cpu -c cpu
quartus_fit --read_settings_files=off --write_settings_files=off cpu -c cpu
quartus_asm --read_settings_files=off --write_settings_files=off cpu -c cpu
quartus_pow --read_settings_files=off --write_settings_files=off cpu -c cpu
quartus_sta cpu -c cpu
quartus_eda --read_settings_files=off --write_settings_files=off cpu -c cpu



