Power Analyzer report for cpu
Wed Jul  8 09:18:51 2026
Quartus Prime Version 25.1std.0 Build 1129 10/21/2025 SC Lite Edition


---------------------
; Table of Contents ;
---------------------
  1. Legal Notice
  2. Parallel Compilation
  3. Power Analyzer Summary
  4. Power Analyzer Settings
  5. Indeterminate Toggle Rates
  6. Power Analyzer Simulation Files Read
  7. Operating Conditions Used
  8. Thermal Power Dissipation by Block
  9. Thermal Power Dissipation by Block Type
 10. Thermal Power Dissipation by Hierarchy
 11. Core Dynamic Thermal Power Dissipation by Clock Domain
 12. Current Drawn from Voltage Supplies Summary
 13. VCCIO Supply Current Drawn by I/O Bank
 14. VCCIO Supply Current Drawn by Voltage
 15. VCCPD Supply Current Drawn by I/O Bank
 16. VCCPD Supply Current Drawn by Voltage
 17. Confidence Metric Details
 18. Signal Activities
 19. Power Analyzer Messages



----------------
; Legal Notice ;
----------------
Copyright (C) 2025  Altera Corporation. All rights reserved.
Your use of Altera Corporation's design tools, logic functions 
and other software and tools, and any partner logic 
functions, and any output files from any of the foregoing 
(including device programming or simulation files), and any 
associated documentation or information are expressly subject 
to the terms and conditions of the Altera Program License 
Subscription Agreement, the Altera Quartus Prime License Agreement,
the Altera IP License Agreement, or other applicable license
agreement, including, without limitation, that your use is for
the sole purpose of programming logic devices manufactured by
Altera and sold by Altera or its authorized distributors.  Please
refer to the Altera Software License Subscription Agreements 
on the Quartus Prime software download page.



+------------------------------------------+
; Parallel Compilation                     ;
+----------------------------+-------------+
; Processors                 ; Number      ;
+----------------------------+-------------+
; Number detected on machine ; 12          ;
; Maximum allowed            ; 10          ;
;                            ;             ;
; Average used               ; 2.34        ;
; Maximum used               ; 10          ;
;                            ;             ;
; Usage by Processor         ; % Time Used ;
;     Processor 1            ; 100.0%      ;
;     Processor 2            ;  14.9%      ;
;     Processor 3            ;  14.9%      ;
;     Processor 4            ;  14.9%      ;
;     Processor 5            ;  14.9%      ;
;     Processor 6            ;  14.9%      ;
;     Processor 7            ;  14.9%      ;
;     Processor 8            ;  14.9%      ;
;     Processor 9            ;  14.9%      ;
;     Processor 10           ;  14.9%      ;
+----------------------------+-------------+


+-------------------------------------------------------------------------------------------+
; Power Analyzer Summary                                                                    ;
+----------------------------------------+--------------------------------------------------+
; Power Analyzer Status                  ; Successful - Wed Jul  8 09:18:51 2026            ;
; Quartus Prime Version                  ; 25.1std.0 Build 1129 10/21/2025 SC Lite Edition  ;
; Revision Name                          ; cpu                                              ;
; Top-level Entity Name                  ; CPU                                              ;
; Family                                 ; Cyclone V                                        ;
; Device                                 ; 5CSEMA5F31C6                                     ;
; Power Models                           ; Final                                            ;
; Total Thermal Power Dissipation        ; 468.70 mW                                        ;
; Core Dynamic Thermal Power Dissipation ; 39.78 mW                                         ;
; Core Static Thermal Power Dissipation  ; 411.53 mW                                        ;
; I/O Thermal Power Dissipation          ; 17.39 mW                                         ;
; Power Estimation Confidence            ; Low: user provided insufficient toggle rate data ;
+----------------------------------------+--------------------------------------------------+


+--------------------------------------------------------------------------------------------------------------------------+
; Power Analyzer Settings                                                                                                  ;
+------------------------------------------------------------------+---------------------------------------+---------------+
; Option                                                           ; Setting                               ; Default Value ;
+------------------------------------------------------------------+---------------------------------------+---------------+
; Use smart compilation                                            ; Off                                   ; Off           ;
; Enable parallel Assembler and Timing Analyzer during compilation ; On                                    ; On            ;
; Enable compact report table                                      ; Off                                   ; Off           ;
; Default Power Toggle Rate                                        ; 12.5%                                 ; 12.5%         ;
; Default Power Input I/O Toggle Rate                              ; 12.5%                                 ; 12.5%         ;
; Use Input Files                                                  ; On                                    ; Off           ;
; Preset Cooling Solution                                          ; 23 MM HEAT SINK WITH 200 LFPM AIRFLOW ;               ;
; Board thermal model                                              ; None (CONSERVATIVE)                   ;               ;
; Use vectorless estimation                                        ; On                                    ; On            ;
; Filter Glitches in VCD File Reader                               ; On                                    ; On            ;
; Power Analyzer Report Signal Activity                            ; Off                                   ; Off           ;
; Power Analyzer Report Power Dissipation                          ; Off                                   ; Off           ;
; Device Power Characteristics                                     ; TYPICAL                               ; TYPICAL       ;
; Automatically Compute Junction Temperature                       ; On                                    ; On            ;
; Specified Junction Temperature                                   ; 25                                    ; 25            ;
; Ambient Temperature                                              ; 25                                    ; 25            ;
; Use Custom Cooling Solution                                      ; Off                                   ; Off           ;
; Board Temperature                                                ; 25                                    ; 25            ;
; Enable HPS                                                       ; Off                                   ; Off           ;
; Processor Frequency                                              ; 0.0                                   ; 0.0           ;
+------------------------------------------------------------------+---------------------------------------+---------------+


+-------------------------------------------------+
; Indeterminate Toggle Rates                      ;
+-------------------+-----------------------------+
; Node              ; Reason                      ;
+-------------------+-----------------------------+
; ctrl~inputCLKENA0 ; No valid clock domain found ;
+-------------------+-----------------------------+


+--------------------------------------------------------------------------------------------------------------------+
; Power Analyzer Simulation Files Read                                                                               ;
+---------+------------------------------+-----------+--------+----------------+--------------+-----------+----------+
; File ID ; File Name                    ; File Type ; Entity ; VCD Start Time ; VCD End Time ; Unknown % ; Toggle % ;
+---------+------------------------------+-----------+--------+----------------+--------------+-----------+----------+
; f1      ; simulation/questa/prova1.vcd ; VCD       ; |CPU   ; N/A            ; N/A          ; N/A       ; N/A      ;
+---------+------------------------------+-----------+--------+----------------+--------------+-----------+----------+


+-------------------------------------------------------------------------+
; Operating Conditions Used                                               ;
+---------------------------------------------+---------------------------+
; Setting                                     ; Value                     ;
+---------------------------------------------+---------------------------+
; Device power characteristics                ; Typical                   ;
;                                             ;                           ;
; Voltages                                    ;                           ;
;     VCC                                     ; 1.10 V                    ;
;     VCCA_FPLL                               ; 2.50 V                    ;
;     VCCPGM                                  ; 1.80 V                    ;
;     VCCBAT                                  ; 1.20 V                    ;
;     VCCE_GXB                                ; 1.10 V                    ;
;     VCCL_GXB                                ; 1.10 V                    ;
;     VCCH_GXB                                ; 2.50 V                    ;
;     VCCAUX                                  ; 2.50 V                    ;
;     VCC_HPS                                 ; 1.10 V                    ;
;     VCCRSTCLK_HPS                           ; 1.80 V                    ;
;     VCCPLL_HPS                              ; 2.50 V                    ;
;     VCCAUX_SHARED                           ; 2.50 V                    ;
;     2.5 V I/O Standard                      ; 2.5 V                     ;
;                                             ;                           ;
; Auto computed junction temperature          ; 27.1 degrees Celsius      ;
;     Ambient temperature                     ; 25.0 degrees Celsius      ;
;     Junction-to-Case thermal resistance     ; 2.30 degrees Celsius/Watt ;
;     Case-to-Heat Sink thermal resistance    ; 0.10 degrees Celsius/Watt ;
;     Heat Sink-to-Ambient thermal resistance ; 2.10 degrees Celsius/Watt ;
;                                             ;                           ;
; Board model used                            ; None                      ;
+---------------------------------------------+---------------------------+


+----------------------------------------------------------------------------------------------------------------------------------------------+
; Thermal Power Dissipation by Block                                                                                                           ;
+------------+------------+---------------------+-----------------------------+--------------------------------+-------------------------------+
; Block Name ; Block Type ; Total Thermal Power ; Block Thermal Dynamic Power ; Block Thermal Static Power (1) ; Routing Thermal Dynamic Power ;
+------------+------------+---------------------+-----------------------------+--------------------------------+-------------------------------+
(1) The "Thermal Power Dissipation by Block" Table has been hidden. To show this table, please select the "Write power dissipation by block to report file" option under "PowerPlay Power Analyzer Settings".


+-------------------------------------------------------------------------------------------------------------------------------------------------------------------------------------------------------------------+
; Thermal Power Dissipation by Block Type                                                                                                                                                                           ;
+--------------------+-----------------------------------+-----------------------------+--------------------------------+-------------------------------+-----------------------------------------------------------+
; Block Type         ; Total Thermal Power by Block Type ; Block Thermal Dynamic Power ; Block Thermal Static Power (1) ; Routing Thermal Dynamic Power ; Block Average Toggle Rate (millions of transitions / sec) ;
+--------------------+-----------------------------------+-----------------------------+--------------------------------+-------------------------------+-----------------------------------------------------------+
; JTAG               ; 0.21 mW                           ; 0.00 mW                     ; --                             ; 0.21 mW                       ;   20.625                                                  ;
; M10K block         ; 0.18 mW                           ; 0.17 mW                     ; --                             ; 0.01 mW                       ;    1.875                                                  ;
; Combinational cell ; 10.54 mW                          ; 5.37 mW                     ; --                             ; 5.17 mW                       ;    6.938                                                  ;
; Clock enable block ; 7.02 mW                           ; 0.00 mW                     ; --                             ; 7.02 mW                       ;   53.125                                                  ;
; Register cell      ; 21.44 mW                          ; 12.80 mW                    ; --                             ; 8.64 mW                       ;    6.119                                                  ;
; I/O                ; 9.79 mW                           ; 8.66 mW                     ; 0.73 mW                        ; 0.40 mW                       ;    9.337                                                  ;
+--------------------+-----------------------------------+-----------------------------+--------------------------------+-------------------------------+-----------------------------------------------------------+
(1) The "Block Thermal Static Power" for all block types except Pins and the Voltage Regulator, if one exists, is part of the "Core Static Thermal Power Dissipation" value found on the PowerPlay Power Analyzer-->Summary report panel. The "Core Static Thermal Power Dissipation" also contains the thermal static power dissipated by the routing.


+---------------------------------------------------------------------------------------------------------------------------------------------------------------------------------------------------------------------------------------------------------------------------------------------------------------------------------------------------------------------------------------------------------------------------------------------------------------------------------------------------------------------------------------------------------------------------------------------------------------------------------------------+
; Thermal Power Dissipation by Hierarchy                                                                                                                                                                                                                                                                                                                                                                                                                                                                                                                                                                                                      ;
+------------------------------------------------------------------------------------------------------------------------------------------+--------------------------------------+---------------------------------+-----------------------------------+-----------------------------------+-------------------------------------------------------------------------------------------------------------------------------------------------------------------------------------------------------------------------------------------------------------------------------------------------------------------------------------------------+
; Compilation Hierarchy Node                                                                                                               ; Total Thermal Power by Hierarchy (1) ; Block Thermal Dynamic Power (1) ; Block Thermal Static Power (1)(2) ; Routing Thermal Dynamic Power (1) ; Full Hierarchy Name                                                                                                                                                                                                                                                                                                                             ;
+------------------------------------------------------------------------------------------------------------------------------------------+--------------------------------------+---------------------------------+-----------------------------------+-----------------------------------+-------------------------------------------------------------------------------------------------------------------------------------------------------------------------------------------------------------------------------------------------------------------------------------------------------------------------------------------------+
; |CPU                                                                                                                                     ; 49.18 mW (18.76 mW)                  ; 27.00 mW (9.01 mW)              ; 0.73 mW (0.73 mW)                 ; 21.45 mW (9.02 mW)                ; |CPU                                                                                                                                                                                                                                                                                                                                            ;
;     |ALU:AU                                                                                                                              ; 1.83 mW (1.83 mW)                    ; 0.76 mW (0.76 mW)               ; --                                ; 1.07 mW (1.07 mW)                 ; |CPU|ALU:AU                                                                                                                                                                                                                                                                                                                                     ;
;     |hard_block:auto_generated_inst                                                                                                      ; 0.00 mW (0.00 mW)                    ; 0.00 mW (0.00 mW)               ; --                                ; 0.00 mW (0.00 mW)                 ; |CPU|hard_block:auto_generated_inst                                                                                                                                                                                                                                                                                                             ;
;     |sld_hub:auto_hub                                                                                                                    ; 0.32 mW (0.00 mW)                    ; 0.14 mW (0.00 mW)               ; --                                ; 0.18 mW (0.00 mW)                 ; |CPU|sld_hub:auto_hub                                                                                                                                                                                                                                                                                                                           ;
;         |alt_sld_fab_with_jtag_input:\instrumentation_fabric_with_node_gen:fabric_gen_new_way:with_jtag_input_gen:instrumentation_fabric ; 0.32 mW (0.00 mW)                    ; 0.14 mW (0.00 mW)               ; --                                ; 0.18 mW (0.00 mW)                 ; |CPU|sld_hub:auto_hub|alt_sld_fab_with_jtag_input:\instrumentation_fabric_with_node_gen:fabric_gen_new_way:with_jtag_input_gen:instrumentation_fabric                                                                                                                                                                                           ;
;             |alt_sld_fab:instrumentation_fabric                                                                                          ; 0.32 mW (0.00 mW)                    ; 0.14 mW (0.00 mW)               ; --                                ; 0.18 mW (0.00 mW)                 ; |CPU|sld_hub:auto_hub|alt_sld_fab_with_jtag_input:\instrumentation_fabric_with_node_gen:fabric_gen_new_way:with_jtag_input_gen:instrumentation_fabric|alt_sld_fab:instrumentation_fabric                                                                                                                                                        ;
;                 |alt_sld_fab_alt_sld_fab:alt_sld_fab                                                                                     ; 0.32 mW (0.02 mW)                    ; 0.14 mW (0.01 mW)               ; --                                ; 0.18 mW (0.01 mW)                 ; |CPU|sld_hub:auto_hub|alt_sld_fab_with_jtag_input:\instrumentation_fabric_with_node_gen:fabric_gen_new_way:with_jtag_input_gen:instrumentation_fabric|alt_sld_fab:instrumentation_fabric|alt_sld_fab_alt_sld_fab:alt_sld_fab                                                                                                                    ;
;                     |alt_sld_fab_alt_sld_fab_sldfabric:sldfabric                                                                         ; 0.30 mW (0.00 mW)                    ; 0.14 mW (0.00 mW)               ; --                                ; 0.16 mW (0.00 mW)                 ; |CPU|sld_hub:auto_hub|alt_sld_fab_with_jtag_input:\instrumentation_fabric_with_node_gen:fabric_gen_new_way:with_jtag_input_gen:instrumentation_fabric|alt_sld_fab:instrumentation_fabric|alt_sld_fab_alt_sld_fab:alt_sld_fab|alt_sld_fab_alt_sld_fab_sldfabric:sldfabric                                                                        ;
;                         |sld_jtag_hub:\jtag_hub_gen:real_sld_jtag_hub                                                                    ; 0.30 mW (0.21 mW)                    ; 0.14 mW (0.10 mW)               ; --                                ; 0.16 mW (0.11 mW)                 ; |CPU|sld_hub:auto_hub|alt_sld_fab_with_jtag_input:\instrumentation_fabric_with_node_gen:fabric_gen_new_way:with_jtag_input_gen:instrumentation_fabric|alt_sld_fab:instrumentation_fabric|alt_sld_fab_alt_sld_fab:alt_sld_fab|alt_sld_fab_alt_sld_fab_sldfabric:sldfabric|sld_jtag_hub:\jtag_hub_gen:real_sld_jtag_hub                           ;
;                             |sld_rom_sr:hub_info_reg                                                                                     ; 0.04 mW (0.04 mW)                    ; 0.02 mW (0.02 mW)               ; --                                ; 0.01 mW (0.01 mW)                 ; |CPU|sld_hub:auto_hub|alt_sld_fab_with_jtag_input:\instrumentation_fabric_with_node_gen:fabric_gen_new_way:with_jtag_input_gen:instrumentation_fabric|alt_sld_fab:instrumentation_fabric|alt_sld_fab_alt_sld_fab:alt_sld_fab|alt_sld_fab_alt_sld_fab_sldfabric:sldfabric|sld_jtag_hub:\jtag_hub_gen:real_sld_jtag_hub|sld_rom_sr:hub_info_reg   ;
;                             |sld_shadow_jsm:shadow_jsm                                                                                   ; 0.06 mW (0.06 mW)                    ; 0.02 mW (0.02 mW)               ; --                                ; 0.04 mW (0.04 mW)                 ; |CPU|sld_hub:auto_hub|alt_sld_fab_with_jtag_input:\instrumentation_fabric_with_node_gen:fabric_gen_new_way:with_jtag_input_gen:instrumentation_fabric|alt_sld_fab:instrumentation_fabric|alt_sld_fab_alt_sld_fab:alt_sld_fab|alt_sld_fab_alt_sld_fab_sldfabric:sldfabric|sld_jtag_hub:\jtag_hub_gen:real_sld_jtag_hub|sld_shadow_jsm:shadow_jsm ;
;         |sld_jtag_interface_mod:\jtag_interface_mod_gen:device_family_mod_inst                                                           ; 0.00 mW (0.00 mW)                    ; 0.00 mW (0.00 mW)               ; --                                ; 0.00 mW (0.00 mW)                 ; |CPU|sld_hub:auto_hub|sld_jtag_interface_mod:\jtag_interface_mod_gen:device_family_mod_inst                                                                                                                                                                                                                                                     ;
;     |sld_signaltap:auto_signaltap_0                                                                                                      ; 1.40 mW (0.10 mW)                    ; 0.77 mW (0.08 mW)               ; --                                ; 0.63 mW (0.02 mW)                 ; |CPU|sld_signaltap:auto_signaltap_0                                                                                                                                                                                                                                                                                                             ;
;         |sld_jtag_endpoint_adapter:\gen_jtag_signal_adapter:jtag_signal_adapter                                                          ; 0.00 mW (0.00 mW)                    ; 0.00 mW (0.00 mW)               ; --                                ; 0.00 mW (0.00 mW)                 ; |CPU|sld_signaltap:auto_signaltap_0|sld_jtag_endpoint_adapter:\gen_jtag_signal_adapter:jtag_signal_adapter                                                                                                                                                                                                                                      ;
;         |sld_signaltap_impl:sld_signaltap_body                                                                                           ; 1.30 mW (0.00 mW)                    ; 0.69 mW (0.00 mW)               ; --                                ; 0.62 mW (0.00 mW)                 ; |CPU|sld_signaltap:auto_signaltap_0|sld_signaltap_impl:sld_signaltap_body                                                                                                                                                                                                                                                                       ;
;             |sld_signaltap_implb:sld_signaltap_body                                                                                      ; 1.30 mW (0.53 mW)                    ; 0.69 mW (0.20 mW)               ; --                                ; 0.62 mW (0.33 mW)                 ; |CPU|sld_signaltap:auto_signaltap_0|sld_signaltap_impl:sld_signaltap_body|sld_signaltap_implb:sld_signaltap_body                                                                                                                                                                                                                                ;
;                 |sld_offload_buffer_mgr:\stp_non_zero_depth_offload_gen:stp_offload_buff_mgr_inst                                        ; 0.17 mW (0.00 mW)                    ; 0.08 mW (0.00 mW)               ; --                                ; 0.09 mW (0.00 mW)                 ; |CPU|sld_signaltap:auto_signaltap_0|sld_signaltap_impl:sld_signaltap_body|sld_signaltap_implb:sld_signaltap_body|sld_offload_buffer_mgr:\stp_non_zero_depth_offload_gen:stp_offload_buff_mgr_inst                                                                                                                                               ;
;                     |lpm_counter:\adv_point_3_and_more:advance_pointer_counter                                                           ; 0.01 mW (0.00 mW)                    ; 0.01 mW (0.00 mW)               ; --                                ; 0.01 mW (0.00 mW)                 ; |CPU|sld_signaltap:auto_signaltap_0|sld_signaltap_impl:sld_signaltap_body|sld_signaltap_implb:sld_signaltap_body|sld_offload_buffer_mgr:\stp_non_zero_depth_offload_gen:stp_offload_buff_mgr_inst|lpm_counter:\adv_point_3_and_more:advance_pointer_counter                                                                                     ;
;                         |cntr_69i:auto_generated                                                                                         ; 0.01 mW (0.01 mW)                    ; 0.01 mW (0.01 mW)               ; --                                ; 0.01 mW (0.01 mW)                 ; |CPU|sld_signaltap:auto_signaltap_0|sld_signaltap_impl:sld_signaltap_body|sld_signaltap_implb:sld_signaltap_body|sld_offload_buffer_mgr:\stp_non_zero_depth_offload_gen:stp_offload_buff_mgr_inst|lpm_counter:\adv_point_3_and_more:advance_pointer_counter|cntr_69i:auto_generated                                                             ;
;                     |lpm_shiftreg:info_data_shift_out                                                                                    ; 0.02 mW (0.02 mW)                    ; 0.01 mW (0.01 mW)               ; --                                ; 0.01 mW (0.01 mW)                 ; |CPU|sld_signaltap:auto_signaltap_0|sld_signaltap_impl:sld_signaltap_body|sld_signaltap_implb:sld_signaltap_body|sld_offload_buffer_mgr:\stp_non_zero_depth_offload_gen:stp_offload_buff_mgr_inst|lpm_shiftreg:info_data_shift_out                                                                                                              ;
;                     |lpm_shiftreg:ram_data_shift_out                                                                                     ; 0.05 mW (0.05 mW)                    ; 0.02 mW (0.02 mW)               ; --                                ; 0.04 mW (0.04 mW)                 ; |CPU|sld_signaltap:auto_signaltap_0|sld_signaltap_impl:sld_signaltap_body|sld_signaltap_implb:sld_signaltap_body|sld_offload_buffer_mgr:\stp_non_zero_depth_offload_gen:stp_offload_buff_mgr_inst|lpm_shiftreg:ram_data_shift_out                                                                                                               ;
;                     |lpm_counter:read_pointer_counter                                                                                    ; 0.03 mW (0.00 mW)                    ; 0.02 mW (0.00 mW)               ; --                                ; 0.01 mW (0.00 mW)                 ; |CPU|sld_signaltap:auto_signaltap_0|sld_signaltap_impl:sld_signaltap_body|sld_signaltap_implb:sld_signaltap_body|sld_offload_buffer_mgr:\stp_non_zero_depth_offload_gen:stp_offload_buff_mgr_inst|lpm_counter:read_pointer_counter                                                                                                              ;
;                         |cntr_4vi:auto_generated                                                                                         ; 0.03 mW (0.03 mW)                    ; 0.02 mW (0.02 mW)               ; --                                ; 0.01 mW (0.01 mW)                 ; |CPU|sld_signaltap:auto_signaltap_0|sld_signaltap_impl:sld_signaltap_body|sld_signaltap_implb:sld_signaltap_body|sld_offload_buffer_mgr:\stp_non_zero_depth_offload_gen:stp_offload_buff_mgr_inst|lpm_counter:read_pointer_counter|cntr_4vi:auto_generated                                                                                      ;
;                     |lpm_counter:status_advance_pointer_counter                                                                          ; 0.01 mW (0.00 mW)                    ; 0.00 mW (0.00 mW)               ; --                                ; 0.00 mW (0.00 mW)                 ; |CPU|sld_signaltap:auto_signaltap_0|sld_signaltap_impl:sld_signaltap_body|sld_signaltap_implb:sld_signaltap_body|sld_offload_buffer_mgr:\stp_non_zero_depth_offload_gen:stp_offload_buff_mgr_inst|lpm_counter:status_advance_pointer_counter                                                                                                    ;
;                         |cntr_09i:auto_generated                                                                                         ; 0.01 mW (0.01 mW)                    ; 0.00 mW (0.00 mW)               ; --                                ; 0.00 mW (0.00 mW)                 ; |CPU|sld_signaltap:auto_signaltap_0|sld_signaltap_impl:sld_signaltap_body|sld_signaltap_implb:sld_signaltap_body|sld_offload_buffer_mgr:\stp_non_zero_depth_offload_gen:stp_offload_buff_mgr_inst|lpm_counter:status_advance_pointer_counter|cntr_09i:auto_generated                                                                            ;
;                     |lpm_shiftreg:status_data_shift_out                                                                                  ; 0.03 mW (0.03 mW)                    ; 0.01 mW (0.01 mW)               ; --                                ; 0.01 mW (0.01 mW)                 ; |CPU|sld_signaltap:auto_signaltap_0|sld_signaltap_impl:sld_signaltap_body|sld_signaltap_implb:sld_signaltap_body|sld_offload_buffer_mgr:\stp_non_zero_depth_offload_gen:stp_offload_buff_mgr_inst|lpm_shiftreg:status_data_shift_out                                                                                                            ;
;                     |lpm_counter:status_read_pointer_counter                                                                             ; 0.00 mW (0.00 mW)                    ; 0.00 mW (0.00 mW)               ; --                                ; 0.00 mW (0.00 mW)                 ; |CPU|sld_signaltap:auto_signaltap_0|sld_signaltap_impl:sld_signaltap_body|sld_signaltap_implb:sld_signaltap_body|sld_offload_buffer_mgr:\stp_non_zero_depth_offload_gen:stp_offload_buff_mgr_inst|lpm_counter:status_read_pointer_counter                                                                                                       ;
;                         |cntr_kri:auto_generated                                                                                         ; 0.00 mW (0.00 mW)                    ; 0.00 mW (0.00 mW)               ; --                                ; 0.00 mW (0.00 mW)                 ; |CPU|sld_signaltap:auto_signaltap_0|sld_signaltap_impl:sld_signaltap_body|sld_signaltap_implb:sld_signaltap_body|sld_offload_buffer_mgr:\stp_non_zero_depth_offload_gen:stp_offload_buff_mgr_inst|lpm_counter:status_read_pointer_counter|cntr_kri:auto_generated                                                                               ;
;                 |altdpram:\stp_non_zero_ram_gen:attribute_mem_gen:attribute_mem                                                          ; 0.09 mW (0.09 mW)                    ; 0.06 mW (0.05 mW)               ; --                                ; 0.03 mW (0.03 mW)                 ; |CPU|sld_signaltap:auto_signaltap_0|sld_signaltap_impl:sld_signaltap_body|sld_signaltap_implb:sld_signaltap_body|altdpram:\stp_non_zero_ram_gen:attribute_mem_gen:attribute_mem                                                                                                                                                                 ;
;                     |lpm_mux:mux                                                                                                         ; 0.00 mW (0.00 mW)                    ; 0.00 mW (0.00 mW)               ; --                                ; 0.00 mW (0.00 mW)                 ; |CPU|sld_signaltap:auto_signaltap_0|sld_signaltap_impl:sld_signaltap_body|sld_signaltap_implb:sld_signaltap_body|altdpram:\stp_non_zero_ram_gen:attribute_mem_gen:attribute_mem|lpm_mux:mux                                                                                                                                                     ;
;                     |lpm_decode:wdecoder                                                                                                 ; 0.00 mW (0.00 mW)                    ; 0.00 mW (0.00 mW)               ; --                                ; 0.00 mW (0.00 mW)                 ; |CPU|sld_signaltap:auto_signaltap_0|sld_signaltap_impl:sld_signaltap_body|sld_signaltap_implb:sld_signaltap_body|altdpram:\stp_non_zero_ram_gen:attribute_mem_gen:attribute_mem|lpm_decode:wdecoder                                                                                                                                             ;
;                         |decode_vnf:auto_generated                                                                                       ; 0.00 mW (0.00 mW)                    ; 0.00 mW (0.00 mW)               ; --                                ; 0.00 mW (0.00 mW)                 ; |CPU|sld_signaltap:auto_signaltap_0|sld_signaltap_impl:sld_signaltap_body|sld_signaltap_implb:sld_signaltap_body|altdpram:\stp_non_zero_ram_gen:attribute_mem_gen:attribute_mem|lpm_decode:wdecoder|decode_vnf:auto_generated                                                                                                                   ;
;                 |altsyncram:\stp_non_zero_ram_gen:stp_buffer_ram                                                                         ; 0.18 mW (0.00 mW)                    ; 0.17 mW (0.00 mW)               ; --                                ; 0.01 mW (0.00 mW)                 ; |CPU|sld_signaltap:auto_signaltap_0|sld_signaltap_impl:sld_signaltap_body|sld_signaltap_implb:sld_signaltap_body|altsyncram:\stp_non_zero_ram_gen:stp_buffer_ram                                                                                                                                                                                ;
;                     |altsyncram_qb84:auto_generated                                                                                      ; 0.18 mW (0.18 mW)                    ; 0.17 mW (0.17 mW)               ; --                                ; 0.01 mW (0.01 mW)                 ; |CPU|sld_signaltap:auto_signaltap_0|sld_signaltap_impl:sld_signaltap_body|sld_signaltap_implb:sld_signaltap_body|altsyncram:\stp_non_zero_ram_gen:stp_buffer_ram|altsyncram_qb84:auto_generated                                                                                                                                                 ;
;                 |serial_crc_16:\tdo_crc_gen:tdo_crc_calc                                                                                 ; 0.03 mW (0.03 mW)                    ; 0.01 mW (0.01 mW)               ; --                                ; 0.02 mW (0.02 mW)                 ; |CPU|sld_signaltap:auto_signaltap_0|sld_signaltap_impl:sld_signaltap_body|sld_signaltap_implb:sld_signaltap_body|serial_crc_16:\tdo_crc_gen:tdo_crc_calc                                                                                                                                                                                        ;
;                 |sld_rom_sr:crc_rom_sr                                                                                                   ; 0.04 mW (0.04 mW)                    ; 0.02 mW (0.02 mW)               ; --                                ; 0.01 mW (0.01 mW)                 ; |CPU|sld_signaltap:auto_signaltap_0|sld_signaltap_impl:sld_signaltap_body|sld_signaltap_implb:sld_signaltap_body|sld_rom_sr:crc_rom_sr                                                                                                                                                                                                          ;
;                 |sld_ela_control:ela_control                                                                                             ; 0.03 mW (0.00 mW)                    ; 0.01 mW (0.00 mW)               ; --                                ; 0.02 mW (0.00 mW)                 ; |CPU|sld_signaltap:auto_signaltap_0|sld_signaltap_impl:sld_signaltap_body|sld_signaltap_implb:sld_signaltap_body|sld_ela_control:ela_control                                                                                                                                                                                                    ;
;                     |sld_ela_trigger_flow_mgr:\builtin:ela_trigger_flow_mgr_entity                                                       ; 0.02 mW (0.01 mW)                    ; 0.01 mW (0.00 mW)               ; --                                ; 0.02 mW (0.00 mW)                 ; |CPU|sld_signaltap:auto_signaltap_0|sld_signaltap_impl:sld_signaltap_body|sld_signaltap_implb:sld_signaltap_body|sld_ela_control:ela_control|sld_ela_trigger_flow_mgr:\builtin:ela_trigger_flow_mgr_entity                                                                                                                                      ;
;                         |lpm_shiftreg:trigger_config_deserialize                                                                         ; 0.02 mW (0.02 mW)                    ; 0.00 mW (0.00 mW)               ; --                                ; 0.01 mW (0.01 mW)                 ; |CPU|sld_signaltap:auto_signaltap_0|sld_signaltap_impl:sld_signaltap_body|sld_signaltap_implb:sld_signaltap_body|sld_ela_control:ela_control|sld_ela_trigger_flow_mgr:\builtin:ela_trigger_flow_mgr_entity|lpm_shiftreg:trigger_config_deserialize                                                                                              ;
;                     |sld_ela_trigger:\multi_level_advanced_trigger_gen:advanced_trigger_wrapper                                          ; 0.01 mW (0.00 mW)                    ; 0.00 mW (0.00 mW)               ; --                                ; 0.00 mW (0.00 mW)                 ; |CPU|sld_signaltap:auto_signaltap_0|sld_signaltap_impl:sld_signaltap_body|sld_signaltap_implb:sld_signaltap_body|sld_ela_control:ela_control|sld_ela_trigger:\multi_level_advanced_trigger_gen:advanced_trigger_wrapper                                                                                                                         ;
;                         |sld_ela_trigger_tdo:auto_generated                                                                              ; 0.01 mW (0.00 mW)                    ; 0.00 mW (0.00 mW)               ; --                                ; 0.00 mW (0.00 mW)                 ; |CPU|sld_signaltap:auto_signaltap_0|sld_signaltap_impl:sld_signaltap_body|sld_signaltap_implb:sld_signaltap_body|sld_ela_control:ela_control|sld_ela_trigger:\multi_level_advanced_trigger_gen:advanced_trigger_wrapper|sld_ela_trigger_tdo:auto_generated                                                                                      ;
;                             |sld_reserved_cpu_auto_signaltap_0_1_bfcb:mgl_prim1                                                          ; 0.01 mW (0.01 mW)                    ; 0.00 mW (0.00 mW)               ; --                                ; 0.00 mW (0.00 mW)                 ; |CPU|sld_signaltap:auto_signaltap_0|sld_signaltap_impl:sld_signaltap_body|sld_signaltap_implb:sld_signaltap_body|sld_ela_control:ela_control|sld_ela_trigger:\multi_level_advanced_trigger_gen:advanced_trigger_wrapper|sld_ela_trigger_tdo:auto_generated|sld_reserved_cpu_auto_signaltap_0_1_bfcb:mgl_prim1                                   ;
;                     |lpm_shiftreg:trigger_config_deserialize                                                                             ; 0.01 mW (0.01 mW)                    ; 0.00 mW (0.00 mW)               ; --                                ; 0.00 mW (0.00 mW)                 ; |CPU|sld_signaltap:auto_signaltap_0|sld_signaltap_impl:sld_signaltap_body|sld_signaltap_implb:sld_signaltap_body|sld_ela_control:ela_control|lpm_shiftreg:trigger_config_deserialize                                                                                                                                                            ;
;                 |lpm_shiftreg:segment_offset_config_deserialize                                                                          ; 0.01 mW (0.01 mW)                    ; 0.01 mW (0.01 mW)               ; --                                ; 0.01 mW (0.01 mW)                 ; |CPU|sld_signaltap:auto_signaltap_0|sld_signaltap_impl:sld_signaltap_body|sld_signaltap_implb:sld_signaltap_body|lpm_shiftreg:segment_offset_config_deserialize                                                                                                                                                                                 ;
;                 |sld_buffer_manager:sld_buffer_manager_inst                                                                              ; 0.19 mW (0.19 mW)                    ; 0.11 mW (0.11 mW)               ; --                                ; 0.08 mW (0.08 mW)                 ; |CPU|sld_signaltap:auto_signaltap_0|sld_signaltap_impl:sld_signaltap_body|sld_signaltap_implb:sld_signaltap_body|sld_buffer_manager:sld_buffer_manager_inst                                                                                                                                                                                     ;
;                 |lpm_shiftreg:status_register                                                                                            ; 0.03 mW (0.03 mW)                    ; 0.01 mW (0.01 mW)               ; --                                ; 0.02 mW (0.02 mW)                 ; |CPU|sld_signaltap:auto_signaltap_0|sld_signaltap_impl:sld_signaltap_body|sld_signaltap_implb:sld_signaltap_body|lpm_shiftreg:status_register                                                                                                                                                                                                   ;
;     |Brancher:BR                                                                                                                         ; 0.08 mW (0.08 mW)                    ; 0.01 mW (0.01 mW)               ; --                                ; 0.08 mW (0.08 mW)                 ; |CPU|Brancher:BR                                                                                                                                                                                                                                                                                                                                ;
;     |ControlUnit:CU                                                                                                                      ; 0.02 mW (0.02 mW)                    ; 0.01 mW (0.01 mW)               ; --                                ; 0.01 mW (0.01 mW)                 ; |CPU|ControlUnit:CU                                                                                                                                                                                                                                                                                                                             ;
;     |DERegister:DE                                                                                                                       ; 2.27 mW (2.27 mW)                    ; 1.29 mW (1.29 mW)               ; --                                ; 0.98 mW (0.98 mW)                 ; |CPU|DERegister:DE                                                                                                                                                                                                                                                                                                                              ;
;     |DataMemory:DM                                                                                                                       ; 12.90 mW (12.90 mW)                  ; 9.17 mW (9.17 mW)               ; --                                ; 3.73 mW (3.73 mW)                 ; |CPU|DataMemory:DM                                                                                                                                                                                                                                                                                                                              ;
;     |EMRegister:EM                                                                                                                       ; 2.89 mW (2.89 mW)                    ; 0.13 mW (0.13 mW)               ; --                                ; 2.76 mW (2.76 mW)                 ; |CPU|EMRegister:EM                                                                                                                                                                                                                                                                                                                              ;
;     |FDRegister:FD                                                                                                                       ; 1.12 mW (1.12 mW)                    ; 0.39 mW (0.39 mW)               ; --                                ; 0.73 mW (0.73 mW)                 ; |CPU|FDRegister:FD                                                                                                                                                                                                                                                                                                                              ;
;     |HazardUnit:HU                                                                                                                       ; 0.09 mW (0.09 mW)                    ; 0.03 mW (0.03 mW)               ; --                                ; 0.07 mW (0.07 mW)                 ; |CPU|HazardUnit:HU                                                                                                                                                                                                                                                                                                                              ;
;     |ImmExt:IE                                                                                                                           ; 0.01 mW (0.01 mW)                    ; 0.00 mW (0.00 mW)               ; --                                ; 0.01 mW (0.01 mW)                 ; |CPU|ImmExt:IE                                                                                                                                                                                                                                                                                                                                  ;
;     |InstructionMemory:IM                                                                                                                ; 0.08 mW (0.08 mW)                    ; 0.06 mW (0.06 mW)               ; --                                ; 0.03 mW (0.03 mW)                 ; |CPU|InstructionMemory:IM                                                                                                                                                                                                                                                                                                                       ;
;     |MWRegister:MW                                                                                                                       ; 2.97 mW (2.97 mW)                    ; 2.11 mW (2.11 mW)               ; --                                ; 0.85 mW (0.85 mW)                 ; |CPU|MWRegister:MW                                                                                                                                                                                                                                                                                                                              ;
;     |PcReg:PR                                                                                                                            ; 0.46 mW (0.46 mW)                    ; 0.18 mW (0.18 mW)               ; --                                ; 0.28 mW (0.28 mW)                 ; |CPU|PcReg:PR                                                                                                                                                                                                                                                                                                                                   ;
;     |RDext:RE                                                                                                                            ; 0.00 mW (0.00 mW)                    ; 0.00 mW (0.00 mW)               ; --                                ; 0.00 mW (0.00 mW)                 ; |CPU|RDext:RE                                                                                                                                                                                                                                                                                                                                   ;
;     |RegisterFile:RF                                                                                                                     ; 3.97 mW (3.97 mW)                    ; 2.94 mW (2.94 mW)               ; --                                ; 1.03 mW (1.03 mW)                 ; |CPU|RegisterFile:RF                                                                                                                                                                                                                                                                                                                            ;
+------------------------------------------------------------------------------------------------------------------------------------------+--------------------------------------+---------------------------------+-----------------------------------+-----------------------------------+-------------------------------------------------------------------------------------------------------------------------------------------------------------------------------------------------------------------------------------------------------------------------------------------------------------------------------------------------+
(1) Value in parentheses is the power consumed at that level of hierarchy. Value not in parentheses is the power consumed at that level of hierarchy plus the power consumed by all levels of hierarchy below it.

(2) The "Block Thermal Static Power" for all levels of hierarchy except the top-level hierarchy is part of the "Core Static Thermal Power Dissipation" value found on the PowerPlay Power Analyzer-->Summary report panel. The "Core Static Thermal Power Dissipation" also contains the thermal static power dissipated by the routing.


+------------------------------------------------------------------------+
; Core Dynamic Thermal Power Dissipation by Clock Domain                 ;
+---------------------+-----------------------+--------------------------+
; Clock Domain        ; Clock Frequency (MHz) ; Total Core Dynamic Power ;
+---------------------+-----------------------+--------------------------+
; clk                 ; 50.00                 ; 38.59                    ;
; altera_reserved_tck ; 30.00                 ; 1.17                     ;
; No clock domain     ; 0.00                  ; 0.02                     ;
+---------------------+-----------------------+--------------------------+


+------------------------------------------------------------------------------------------------------------------------------------+
; Current Drawn from Voltage Supplies Summary                                                                                        ;
+----------------+-------------------------+---------------------------+--------------------------+----------------------------------+
; Voltage Supply ; Total Current Drawn (1) ; Dynamic Current Drawn (1) ; Static Current Drawn (1) ; Minimum Power Supply Current (2) ;
+----------------+-------------------------+---------------------------+--------------------------+----------------------------------+
; VCC            ; 86.25 mA                ; 36.73 mA                  ; 49.52 mA                 ; 86.25 mA                         ;
; VCCIO          ; 2.89 mA                 ; 1.96 mA                   ; 0.92 mA                  ; 2.89 mA                          ;
; VCCPD          ; 3.60 mA                 ; 1.21 mA                   ; 2.40 mA                  ; 3.60 mA                          ;
; VCCA_FPLL      ; 2.03 mA                 ; 0.00 mA                   ; 2.03 mA                  ; 2.03 mA                          ;
; VCCPGM         ; 0.33 mA                 ; 0.00 mA                   ; 0.33 mA                  ; 0.33 mA                          ;
; VCCBAT         ; 0.00 mA                 ; 0.00 mA                   ; 0.00 mA                  ; 0.00 mA                          ;
; VCCE_GXB       ; 0.00 mA                 ; 0.00 mA                   ; 0.00 mA                  ; 0.00 mA                          ;
; VCCL_GXB       ; 0.00 mA                 ; 0.00 mA                   ; 0.00 mA                  ; 0.00 mA                          ;
; VCCH_GXB       ; 0.00 mA                 ; 0.00 mA                   ; 0.00 mA                  ; 0.00 mA                          ;
; VCCAUX         ; 87.03 mA                ; 0.00 mA                   ; 87.03 mA                 ; 87.03 mA                         ;
; VCC_HPS        ; 9.55 mA                 ; 0.00 mA                   ; 9.55 mA                  ; 9.55 mA                          ;
; VCCIO_HPS      ; 0.00 mA                 ; 0.00 mA                   ; 0.00 mA                  ; 0.00 mA                          ;
; VCCPD_HPS      ; 0.00 mA                 ; 0.00 mA                   ; 0.00 mA                  ; 0.00 mA                          ;
; VCCRSTCLK_HPS  ; 0.14 mA                 ; 0.00 mA                   ; 0.14 mA                  ; 0.14 mA                          ;
; VCCPLL_HPS     ; 0.66 mA                 ; 0.00 mA                   ; 0.66 mA                  ; 0.66 mA                          ;
; VCCAUX_SHARED  ; 48.74 mA                ; 0.00 mA                   ; 48.74 mA                 ; 48.74 mA                         ;
+----------------+-------------------------+---------------------------+--------------------------+----------------------------------+
(1) Currents reported in columns "Total Current Drawn", "Dynamic Current Drawn", and "Static Current Drawn" are sufficient for user operation of the device.  
(2) Currents reported in column "Minimum Power Supply Current" do not include transient power-up currents. For transient power-up currents, see the device family datasheet, errata sheet, and/or ES guidelines document, as appropriate. 


+-----------------------------------------------------------------------------------------------+
; VCCIO Supply Current Drawn by I/O Bank                                                        ;
+----------+---------------+---------------------+-----------------------+----------------------+
; I/O Bank ; VCCIO Voltage ; Total Current Drawn ; Dynamic Current Drawn ; Static Current Drawn ;
+----------+---------------+---------------------+-----------------------+----------------------+
; B2L      ; --            ; --                  ; --                    ; --                   ;
; B1L      ; --            ; --                  ; --                    ; --                   ;
; B0L      ; --            ; --                  ; --                    ; --                   ;
; 3A       ; 2.5V          ; 0.20 mA             ; 0.12 mA               ; 0.08 mA              ;
; 3B       ; 2.5V          ; 0.09 mA             ; 0.02 mA               ; 0.07 mA              ;
; 4A       ; 2.5V          ; 0.07 mA             ; 0.00 mA               ; 0.07 mA              ;
; 5A       ; 2.5V          ; 1.37 mA             ; 1.26 mA               ; 0.12 mA              ;
; 5B       ; 2.5V          ; 0.65 mA             ; 0.56 mA               ; 0.09 mA              ;
; 6B       ; 2.5V          ; 0.07 mA             ; 0.00 mA               ; 0.07 mA              ;
; 6A       ; 2.5V          ; 0.07 mA             ; 0.00 mA               ; 0.07 mA              ;
; 7A       ; 2.5V          ; 0.07 mA             ; 0.00 mA               ; 0.07 mA              ;
; 7B       ; 2.5V          ; 0.07 mA             ; 0.00 mA               ; 0.07 mA              ;
; 7C       ; 2.5V          ; 0.07 mA             ; 0.00 mA               ; 0.07 mA              ;
; 7D       ; 2.5V          ; 0.07 mA             ; 0.00 mA               ; 0.07 mA              ;
; 8A       ; 2.5V          ; 0.07 mA             ; 0.00 mA               ; 0.07 mA              ;
; 9A       ; --            ; --                  ; --                    ; --                   ;
+----------+---------------+---------------------+-----------------------+----------------------+


+-----------------------------------------------------------------------------------------------------------------------------------+
; VCCIO Supply Current Drawn by Voltage                                                                                             ;
+---------------+-------------------------+---------------------------+--------------------------+----------------------------------+
; VCCIO Voltage ; Total Current Drawn (1) ; Dynamic Current Drawn (1) ; Static Current Drawn (1) ; Minimum Power Supply Current (2) ;
+---------------+-------------------------+---------------------------+--------------------------+----------------------------------+
; 2.5V          ; 2.89 mA                 ; 1.96 mA                   ; 0.92 mA                  ; 2.89 mA                          ;
+---------------+-------------------------+---------------------------+--------------------------+----------------------------------+
(1) Currents reported in columns "Total Current Drawn", "Dynamic Current Drawn", and "Static Current Drawn" are sufficient for user operation of the device.  
(2) Currents reported in column "Minimum Power Supply Current" do not include transient power-up currents. For transient power-up currents, see the device family datasheet, errata sheet, and/or ES guidelines document, as appropriate. 


+-----------------------------------------------------------------------------------------------+
; VCCPD Supply Current Drawn by I/O Bank                                                        ;
+----------+---------------+---------------------+-----------------------+----------------------+
; I/O Bank ; VCCPD Voltage ; Total Current Drawn ; Dynamic Current Drawn ; Static Current Drawn ;
+----------+---------------+---------------------+-----------------------+----------------------+
; B2L      ; --            ; --                  ; --                    ; --                   ;
; B1L      ; --            ; --                  ; --                    ; --                   ;
; B0L      ; --            ; --                  ; --                    ; --                   ;
; 3A       ; 2.5V          ; 0.28 mA             ; 0.08 mA               ; 0.20 mA              ;
; 3B       ; 2.5V          ; 0.20 mA             ; 0.00 mA               ; 0.20 mA              ;
; 4A       ; 2.5V          ; 0.20 mA             ; 0.00 mA               ; 0.20 mA              ;
; 5A       ; 2.5V          ; 1.00 mA             ; 0.77 mA               ; 0.22 mA              ;
; 5B       ; 2.5V          ; 0.56 mA             ; 0.35 mA               ; 0.21 mA              ;
; 6B       ; 2.5V          ; 0.20 mA             ; 0.00 mA               ; 0.20 mA              ;
; 6A       ; 2.5V          ; 0.20 mA             ; 0.00 mA               ; 0.20 mA              ;
; 7A       ; 2.5V          ; 0.20 mA             ; 0.00 mA               ; 0.20 mA              ;
; 7B       ; 2.5V          ; 0.20 mA             ; 0.00 mA               ; 0.20 mA              ;
; 7C       ; 2.5V          ; 0.20 mA             ; 0.00 mA               ; 0.20 mA              ;
; 7D       ; 2.5V          ; 0.20 mA             ; 0.00 mA               ; 0.20 mA              ;
; 8A       ; 2.5V          ; 0.20 mA             ; 0.00 mA               ; 0.20 mA              ;
; 9A       ; --            ; --                  ; --                    ; --                   ;
+----------+---------------+---------------------+-----------------------+----------------------+


+-----------------------------------------------------------------------------------------------------------------------------------+
; VCCPD Supply Current Drawn by Voltage                                                                                             ;
+---------------+-------------------------+---------------------------+--------------------------+----------------------------------+
; VCCPD Voltage ; Total Current Drawn (1) ; Dynamic Current Drawn (1) ; Static Current Drawn (1) ; Minimum Power Supply Current (2) ;
+---------------+-------------------------+---------------------------+--------------------------+----------------------------------+
; 2.5V          ; 3.60 mA                 ; 1.21 mA                   ; 2.40 mA                  ; 3.60 mA                          ;
+---------------+-------------------------+---------------------------+--------------------------+----------------------------------+
(1) Currents reported in columns "Total Current Drawn", "Dynamic Current Drawn", and "Static Current Drawn" are sufficient for user operation of the device.  
(2) Currents reported in column "Minimum Power Supply Current" do not include transient power-up currents. For transient power-up currents, see the device family datasheet, errata sheet, and/or ES guidelines document, as appropriate. 


+-----------------------------------------------------------------------------------------------------------------------------------------------------+
; Confidence Metric Details                                                                                                                           ;
+----------------------------------------------------------------------------------------+---------------+------------+---------------+---------------+
; Data Source                                                                            ; Total         ; Pin        ; Registered    ; Combinational ;
+----------------------------------------------------------------------------------------+---------------+------------+---------------+---------------+
; Simulation (from file)                                                                 ;               ;            ;               ;               ;
;     -- Number of signals with Toggle Rate from Simulation                              ; 0 (0.0%)      ; 0 (0.0%)   ; 0 (0.0%)      ; 0 (0.0%)      ;
;     -- Number of signals with Static Probability from Simulation                       ; 0 (0.0%)      ; 0 (0.0%)   ; 0 (0.0%)      ; 0 (0.0%)      ;
;                                                                                        ;               ;            ;               ;               ;
; Node, entity or clock assignment                                                       ;               ;            ;               ;               ;
;     -- Number of signals with Toggle Rate from Node, entity or clock assignment        ; 3 (0.0%)      ; 2 (4.1%)   ; 0 (0.0%)      ; 1 (0.0%)      ;
;     -- Number of signals with Static Probability from Node, entity or clock assignment ; 4 (0.0%)      ; 2 (4.1%)   ; 0 (0.0%)      ; 2 (0.0%)      ;
;                                                                                        ;               ;            ;               ;               ;
; Vectorless estimation                                                                  ;               ;            ;               ;               ;
;     -- Number of signals with Toggle Rate from Vectorless estimation                   ; 13790 (99.9%) ; 43 (87.8%) ; 6271 (100.0%) ; 7476 (100.0%) ;
;     -- Number of signals with Zero toggle rate, from Vectorless estimation             ; 18 (0.1%)     ; 0 (0.0%)   ; 4 (0.1%)      ; 14 (0.2%)     ;
;     -- Number of signals with Static Probability from Vectorless estimation            ; 13789 (99.9%) ; 43 (87.8%) ; 6271 (100.0%) ; 7475 (100.0%) ;
;                                                                                        ;               ;            ;               ;               ;
; Default assignment                                                                     ;               ;            ;               ;               ;
;     -- Number of signals with Toggle Rate from Default assignment                      ; 4 (0.0%)      ; 4 (8.2%)   ; 0 (0.0%)      ; 0 (0.0%)      ;
;     -- Number of signals with Static Probability from Default assignment               ; 4 (0.0%)      ; 4 (8.2%)   ; 0 (0.0%)      ; 0 (0.0%)      ;
;                                                                                        ;               ;            ;               ;               ;
; Assumed 0                                                                              ;               ;            ;               ;               ;
;     -- Number of signals with Toggle Rate assumed 0                                    ; 0 (0.0%)      ; 0 (0.0%)   ; 0 (0.0%)      ; 0 (0.0%)      ;
+----------------------------------------------------------------------------------------+---------------+------------+---------------+---------------+


+-----------------------------------------------------------------------------------------------------------------------------------------------------+
; Signal Activities                                                                                                                                   ;
+--------+------+---------------------------------------------+-----------------------------+--------------------+------------------------------------+
; Signal ; Type ; Toggle Rate (millions of transitions / sec) ; Toggle Rate Data Source (1) ; Static Probability ; Static Probability Data Source (1) ;
+--------+------+---------------------------------------------+-----------------------------+--------------------+------------------------------------+
(1) The "Signal Activity" Table has been hidden. To show this table, please select the "Write signal activities to report file" option under "PowerPlay Power Analyzer Settings".


+-------------------------+
; Power Analyzer Messages ;
+-------------------------+
Info: *******************************************************************
Info: Running Quartus Prime Power Analyzer
    Info: Version 25.1std.0 Build 1129 10/21/2025 SC Lite Edition
    Info: Processing started: Wed Jul  8 09:18:41 2026
Info: Command: quartus_pow --read_settings_files=off --write_settings_files=off cpu -c cpu
Warning (18236): Number of processors has not been specified which may cause overloading on shared machines.  Set the global assignment NUM_PARALLEL_PROCESSORS in your QSF to an appropriate value for best performance.
Info (21077): Low junction temperature is 0 degrees C
Info (21077): High junction temperature is 85 degrees C
Info (222002): Starting scan of VCD file simulation/questa/prova1.vcd (0 ns to End of File) for signal static probabilities and transition densities
Info (222003): Finished scan of VCD file simulation/questa/prova1.vcd (0 ns to End of File) for signal static probabilities and transition densities
Info (332164): Evaluating HDL-embedded SDC commands
    Info (332165): Entity sld_hub
        Info (332166): create_clock -name altera_reserved_tck [get_ports {altera_reserved_tck}] -period 30MHz   
        Info (332166): if { [string equal quartus_fit $::TimeQuestInfo(nameofexecutable)] } { set_max_delay -to [get_ports { altera_reserved_tdo } ] 0 }
        Info (332166): set_clock_groups -asynchronous -group {altera_reserved_tck}
Info (332104): Reading SDC File: 'cpu.out.sdc'
Warning (332060): Node: ctrl was determined to be a clock but was found without an associated clock assignment.
    Info (13166): Register sel[1] is being clocked by ctrl
Info (332123): Deriving Clock Uncertainty. Please refer to report_sdc in the Timing Analyzer to see clock uncertainties.
Info (332152): The following assignments are ignored by the derive_clock_uncertainty command
Info (223000): Starting Vectorless Power Activity Estimation
Warning (222013): Relative toggle rates could not be calculated because no clock domain could be identified for some nodes
Info (223001): Completed Vectorless Power Activity Estimation
Info (215037): Detailed signal activity file source information is not written to output Signal Activity File.
Critical Warning (215050): HPS power is being analyzed for a device with an HPS without HPS power.
Info (218000): Using Advanced I/O Power to simulate I/O buffers with the specified board trace model
Info (334003): Started post-fitting delay annotation
Info (334004): Delay annotation completed successfully
Info (215049): Average toggle rate for this design is 6.570 millions of transitions / sec
Info (215031): Total thermal power estimate for the design is 468.70 mW
Info: Quartus Prime Power Analyzer was successful. 0 errors, 4 warnings
    Info: Peak virtual memory: 5489 megabytes
    Info: Processing ended: Wed Jul  8 09:18:51 2026
    Info: Elapsed time: 00:00:10
    Info: Total CPU time (on all processors): 00:00:20


