Info: Start Nativelink Simulation process
executing command line: ip-make-simscript --nativelink-mode --output-directory=niosv_iputf_input --spd=C:/Users/adria/OneDrive/Desktop/progettiQuartus/niosv/niosv/niosv.spd 

========= EDA Simulation Settings =====================

Sim Mode              :  RTL
Family                :  cyclonev
Quartus root          :  c:/altera_lite/25.1std/quartus/bin64/
Quartus sim root      :  c:/altera_lite/25.1std/quartus/eda/sim_lib
Simulation Tool       :  questa altera fpga
Simulation Language   :  vhdl
Version               :  93
Simulation Mode       :  GUI
Sim Output File       :  
Sim SDF file          :  
Sim dir               :  simulation\questa

=======================================================

Info: Starting NativeLink simulation with Questa Altera FPGA software
Sourced NativeLink script c:/altera_lite/25.1std/quartus/common/tcl/internal/nativelink/modelsim.tcl
Warning: File niosv_run_msim_rtl_vhdl.do already exists - backing up current file as niosv_run_msim_rtl_vhdl.do.bak7
Info: Spawning Questa Altera FPGA Simulation software 
Info: NativeLink simulation flow was successful
